
> react-example@0.0.0 build
> vite build

[36mvite v6.4.2 [32mbuilding for production...[36m[39m
transforming...
[32mÔ£ô[39m 17 modules transformed.
node.exe : [31mÔ£ù[39m Build failed in 1.15s
At line:1 char:1
+ & "C:\Program Files\nodejs/node.exe" "C:\Program Files\nodejs/node_mo ...
+ ~~~~~~~~~~~~~~~~~~~~~~~~~~~~~~~~~~~~~~~~~~~~~~~~~~~~~~~~~~~~~~~~~~~~~
    + CategoryInfo          : NotSpecified: ([31mÔ£ù[39m Build failed in 1.15s:String) [], RemoteException
    + FullyQualifiedErrorId : NativeCommandError
 
[31merror during build:
[31m[vite:esbuild] Transform failed with 5 errors:
C:/Users/Kalev/Downloads/neurobiology-atlas-ai (3)/src/components/Dashboard.tsx:8:9: ERROR: The symbol "imagePrompt" 
has already been declared
C:/Users/Kalev/Downloads/neurobiology-atlas-ai (3)/src/components/Dashboard.tsx:8:22: ERROR: The symbol 
"setImagePrompt" has already been declared
C:/Users/Kalev/Downloads/neurobiology-atlas-ai (3)/src/components/Dashboard.tsx:9:9: ERROR: The symbol 
"generatedImage" has already been declared
C:/Users/Kalev/Downloads/neurobiology-atlas-ai (3)/src/components/Dashboard.tsx:9:25: ERROR: The symbol 
"setGeneratedImage" has already been declared
C:/Users/Kalev/Downloads/neurobiology-atlas-ai (3)/src/components/Dashboard.tsx:23:18: ERROR: "await" can only be used 
inside an "async" function[31m
file: [36mC:/Users/Kalev/Downloads/neurobiology-atlas-ai (3)/src/components/Dashboard.tsx:8:9[31m
[33m
[33mThe symbol "imagePrompt" has already been declared[33m
6  |    const [imagePrompt, setImagePrompt] = useState('');
7  |    const [generatedImage, setGeneratedImage] = useState('');
8  |    const [imagePrompt, setImagePrompt] = useState('');
   |           ^
9  |    const [generatedImage, setGeneratedImage] = useState('');
10 |    const [imageLoading, setImageLoading] = useState(false);

[33mThe symbol "setImagePrompt" has already been declared[33m
6  |    const [imagePrompt, setImagePrompt] = useState('');
7  |    const [generatedImage, setGeneratedImage] = useState('');
8  |    const [imagePrompt, setImagePrompt] = useState('');
   |                        ^
9  |    const [generatedImage, setGeneratedImage] = useState('');
10 |    const [imageLoading, setImageLoading] = useState(false);

[33mThe symbol "generatedImage" has already been declared[33m
7  |    const [generatedImage, setGeneratedImage] = useState('');
8  |    const [imagePrompt, setImagePrompt] = useState('');
9  |    const [generatedImage, setGeneratedImage] = useState('');
   |           ^
10 |    const [imageLoading, setImageLoading] = useState(false);
11 |    const { scores } = useScores();

[33mThe symbol "setGeneratedImage" has already been declared[33m
7  |    const [generatedImage, setGeneratedImage] = useState('');
8  |    const [imagePrompt, setImagePrompt] = useState('');
9  |    const [generatedImage, setGeneratedImage] = useState('');
   |                           ^
10 |    const [imageLoading, setImageLoading] = useState(false);
11 |    const { scores } = useScores();

[33m"await" can only be used inside an "async" function[33m
21 |      try {
22 |        const fullPrompt = `Create a highly detailed, textbook-quality medical illustration of the ${imagePrompt}. 
Ensure scientifically accurate neuroanatomical structures, soft clinical lighting, and a dark background with 
educational textbook styling.`;
23 |        const res = await fetch('/api/generate-image', {
   |                    ^
24 |          method: 'POST',
25 |          headers: { 'Content-Type': 'application/json' },
[31m
    at failureErrorWithLog (C:\Users\Kalev\Downloads\neurobiology-atlas-ai 
(3)\node_modules\vite\node_modules\esbuild\lib\main.js:1467:15)
    at C:\Users\Kalev\Downloads\neurobiology-atlas-ai (3)\node_modules\vite\node_modules\esbuild\lib\main.js:736:50
    at responseCallbacks.<computed> (C:\Users\Kalev\Downloads\neurobiology-atlas-ai 
(3)\node_modules\vite\node_modules\esbuild\lib\main.js:603:9)
    at handleIncomingPacket (C:\Users\Kalev\Downloads\neurobiology-atlas-ai 
(3)\node_modules\vite\node_modules\esbuild\lib\main.js:658:12)
    at Socket.readFromStdout (C:\Users\Kalev\Downloads\neurobiology-atlas-ai 
(3)\node_modules\vite\node_modules\esbuild\lib\main.js:581:7)
    at Socket.emit (node:events:509:28)
    at addChunk (node:internal/streams/readable:563:12)
    at readableAddChunkPushByteMode (node:internal/streams/readable:514:3)
    at Readable.push (node:internal/streams/readable:394:5)
    at Pipe.onStreamRead (node:internal/stream_base_commons:189:23)[39m
